// Jest Snapshot v1, https://goo.gl/fbAQLP

exports[`Todo component is working correctly matches snapshot 1`] = `
<div
  data-testid="todo-test-1"
>
  <label
    htmlFor=""
  >
    <input
      checked={false}
      id="checkbox"
      onChange={[Function]}
      type="checkbox"
    />
    Pasar los test
  </label>
</div>
`;
